// Jest Snapshot v1, https://goo.gl/fbAQLP

exports[`generic_constraint main 1`] = `
"// @flow
export interface Foo {
  constructor(): void;
}
"
`;
