// Jest Snapshot v1, https://goo.gl/fbAQLP

exports[`plus main 1`] = `
"type T = {
  foo: number
};
"
`;
